[backblue.gif]
[fade.gif]
[index.html]
[htmlstream.com/space/favicon.ico]
[htmlstream.com/space/assets/img/240x480/img3.jpg]
[htmlstream.com/space/assets/img/240x480/img1.jpg]
[htmlstream.com/space/assets/img/240x480/img4.jpg]
[htmlstream.com/space/assets/img/950x950/img7.jpg]
[htmlstream.com/space/assets/img/600x400/img2.jpg]
[htmlstream.com/space/assets/img/600x400/img1.jpg]
[htmlstream.com/space/assets/img/600x400/img3.jpg]
[htmlstream.com/space/assets/js/vendor.min.js]
[htmlstream.com/space/assets/js/theme.min.js]
[htmlstream.com/space/landing-services-wallet.html]
[htmlstream.com/space/assets/css/fonts/bootstrap-icons44df.woff2]
[htmlstream.com/space/assets/css/fonts/bootstrap-icons44df.woff]
[htmlstream.com/space/assets/css/vendor.min.css]
[htmlstream.com/space/assets/css/theme.minc619.css]
[htmlstream.com/space/assets/img/800x500/img8.jpg]
[htmlstream.com/space/assets/img/800x500/img6.jpg]
[htmlstream.com/space/assets/img/240x480/img2.jpg]
[htmlstream.com/space/assets/img/800x500/img1.jpg]
[htmlstream.com/space/assets/img/900x700/img7.jpg]
[htmlstream.com/space/index.html]
[htmlstream.com/space/assets/svg/logos/logo.svg]
[htmlstream.com/space/assets/img/466x510/img1.jpg]
[htmlstream.com/space/assets/img/950x950/img1.jpg]
[htmlstream.com/space/assets/img/800x500/img4.jpg]
[htmlstream.com/space/assets/img/800x500/img5.jpg]
[htmlstream.com/space/assets/img/950x950/img2.jpg]
[htmlstream.com/space/landing-agency.html]
[htmlstream.com/space/assets/img/950x950/img5.jpg]
[htmlstream.com/space/assets/img/mockups/img4.png]
[htmlstream.com/space/assets/img/mockups/img3.png]
[htmlstream.com/space/assets/img/mockups/img2.png]
[htmlstream.com/space/assets/img/mockups/img1.png]
[htmlstream.com/space/landing-consulting.html]
[htmlstream.com/space/assets/img/950x950/img6.jpg]
[htmlstream.com/space/landing-services.html]
[htmlstream.com/space/assets/img/225x292/img1.jpg]
[htmlstream.com/space/assets/img/225x324/img1.jpg]
[htmlstream.com/space/assets/img/225x355/img1.jpg]
[htmlstream.com/space/assets/img/225x261/img1.jpg]
[htmlstream.com/space/assets/img/950x950/img4.jpg]
[htmlstream.com/space/assets/img/240x480/img5.jpg]
[htmlstream.com/space/assets/img/160x160/img10.jpg]
[htmlstream.com/space/landing-business.html]
[htmlstream.com/space/assets/img/800x500/img7.jpg]
[htmlstream.com/space/assets/img/160x160/img3.jpg]
[htmlstream.com/space/assets/img/160x160/img6.jpg]
[htmlstream.com/space/assets/img/160x160/img9.jpg]
[htmlstream.com/space/assets/img/160x160/img5.jpg]
[htmlstream.com/space/landing-services-growth.html]
[htmlstream.com/space/assets/img/900x700/img2.jpg]
[htmlstream.com/space/assets/img/1920x1080/img6.jpg]
[htmlstream.com/space/assets/img/1920x1080/img7.jpg]
[htmlstream.com/space/assets/img/1920x1080/img8.jpg]
[htmlstream.com/space/assets/img/900x700/img3.jpg]
[htmlstream.com/space/landing-services-saas.html]
[htmlstream.com/space/assets/img/mockups/img5.png]
[htmlstream.com/space/assets/img/900x700/img4.jpg]
[htmlstream.com/space/assets/img/900x700/img1.jpg]
[htmlstream.com/space/assets/img/900x700/img5.jpg]
[htmlstream.com/space/landing-services-api.html]
[htmlstream.com/space/assets/img/1920x1080/img1.jpg]
[htmlstream.com/space/assets/img/364x268/img1.jpg]
[htmlstream.com/space/assets/img/265x290/img1.jpg]
[htmlstream.com/space/assets/img/387x290/img1.jpg]
[htmlstream.com/space/assets/img/364x268/img2.jpg]
[htmlstream.com/space/assets/img/387x290/img2.jpg]
[htmlstream.com/space/assets/img/265x290/img2.jpg]
[htmlstream.com/space/assets/img/350x350/img1.jpg]
[htmlstream.com/space/assets/img/350x350/img2.jpg]
[htmlstream.com/space/assets/img/350x350/img3.jpg]
[htmlstream.com/space/assets/img/350x350/img4.jpg]
[htmlstream.com/space/assets/img/350x350/img5.jpg]
[htmlstream.com/space/assets/img/350x350/img6.jpg]
[htmlstream.com/space/assets/img/350x350/img7.jpg]
[htmlstream.com/space/assets/img/350x350/img8.jpg]
[htmlstream.com/space/assets/img/350x350/img9.jpg]
[htmlstream.com/space/page-about.html]
[htmlstream.com/space/assets/img/600x650/img1.jpg]
[htmlstream.com/space/assets/img/600x650/img2.jpg]
[htmlstream.com/space/assets/img/600x650/img3.jpg]
[htmlstream.com/space/assets/img/600x650/img4.jpg]
[htmlstream.com/space/assets/img/600x650/img5.jpg]
[htmlstream.com/space/assets/img/600x650/img6.jpg]
[htmlstream.com/space/page-services.html]
[htmlstream.com/space/assets/img/600x400/img4.jpg]
[htmlstream.com/space/assets/img/600x400/img5.jpg]
[htmlstream.com/space/assets/img/600x400/img6.jpg]
[htmlstream.com/space/assets/img/600x400/img7.jpg]
[htmlstream.com/space/assets/img/600x400/img8.jpg]
[htmlstream.com/space/assets/img/600x400/img9.jpg]
[htmlstream.com/space/assets/img/600x400/img10.jpg]
[htmlstream.com/space/assets/img/600x400/img11.jpg]
[htmlstream.com/space/page-customer-stories.html]
[htmlstream.com/space/assets/img/900x600/img1.jpg]
[htmlstream.com/space/assets/img/900x600/img2.jpg]
[htmlstream.com/space/assets/img/900x600/img3.jpg]
[htmlstream.com/space/page-customer-story.html]
[htmlstream.com/space/page-help-center.html]
[htmlstream.com/space/page-help-center-categories.html]
[htmlstream.com/space/page-help-center-article.html]
[htmlstream.com/space/assets/img/900x700/img6.jpg]
[htmlstream.com/space/assets/img/600x600/img1.jpg]
[htmlstream.com/space/assets/img/600x600/img3.jpg]
[htmlstream.com/space/assets/img/600x600/img2.jpg]
[htmlstream.com/space/page-careers.html]
[htmlstream.com/space/page-careers-overview.html]
[htmlstream.com/space/page-hire-us.html]
[htmlstream.com/space/page-contacts.html]
[htmlstream.com/space/page-login.html]
[htmlstream.com/space/page-signup.html]
[htmlstream.com/space/page-reset-password.html]
[htmlstream.com/space/assets/img/600x650/img8.jpg]
[htmlstream.com/space/portfolio-modern.html]
[htmlstream.com/space/portfolio-classic.html]
[htmlstream.com/space/assets/img/600x600/img4.jpg]
[htmlstream.com/space/assets/img/1920x1080/img2.jpg]
[htmlstream.com/space/assets/img/800x900/img1.jpg]
[htmlstream.com/space/assets/img/800x900/img2.jpg]
[htmlstream.com/space/assets/img/1920x1080/img3.jpg]
[htmlstream.com/space/assets/img/800x900/img3.jpg]
[htmlstream.com/space/assets/img/800x900/img4.jpg]
[htmlstream.com/space/assets/img/1920x1080/img4.jpg]
[htmlstream.com/space/assets/img/1920x1080/img5.jpg]
[htmlstream.com/space/portfolio-case-study.html]
[htmlstream.com/space/page-pricing.html]
[htmlstream.com/space/page-coming-soon.html]
[htmlstream.com/space/page-coming-soon-simple.html]
[htmlstream.com/space/page-error-404.html]
[htmlstream.com/space/page-terms.html]
[htmlstream.com/space/page-privacy.html]
[htmlstream.com/space/assets/img/900x700/img8.jpg]
[htmlstream.com/space/assets/img/600x400/img12.jpg]
[htmlstream.com/space/assets/img/600x400/img13.jpg]
[htmlstream.com/space/assets/img/600x400/img14.jpg]
[htmlstream.com/space/assets/img/600x400/img15.jpg]
[htmlstream.com/space/assets/img/600x400/img16.jpg]
[htmlstream.com/space/assets/img/600x400/img17.jpg]
[htmlstream.com/space/assets/img/600x400/img18.jpg]
[htmlstream.com/space/blog-classic.html]
[htmlstream.com/space/assets/img/900x600/img6.jpg]
[htmlstream.com/space/assets/img/900x600/img4.jpg]
[htmlstream.com/space/assets/img/900x600/img5.jpg]
[htmlstream.com/space/assets/img/160x160/img8.jpg]
[htmlstream.com/space/blog-article.html]
[htmlstream.com/space/blog-author-profile.html]
[htmlstream.com/space/documentation/index.html]
[htmlstream.com/space/snippets/index.html]
[htmlstream.com/space/assets/svg/illustrations/oc-chatting-and-payment.svg]
[htmlstream.com/space/assets/svg/components/shape-8.svg]
[htmlstream.com/space/assets/svg/components/shape-1.svg]
[htmlstream.com/space/assets/svg/components/shape-7.svg]
[htmlstream.com/space/assets/svg/components/shape-4.svg]
[htmlstream.com/space/assets/svg/logos/logo-white.svg]
[htmlstream.com/space/assets/vendor/flag-icon-css/flags/1x1/us.svg]
[htmlstream.com/space/assets/vendor/flag-icon-css/flags/1x1/gb.svg]
[htmlstream.com/space/assets/vendor/flag-icon-css/flags/1x1/de.svg]
[htmlstream.com/space/assets/vendor/flag-icon-css/flags/1x1/dk.svg]
[htmlstream.com/space/assets/vendor/flag-icon-css/flags/1x1/es.svg]
[htmlstream.com/space/assets/vendor/flag-icon-css/flags/1x1/nl.svg]
[htmlstream.com/space/assets/vendor/flag-icon-css/flags/1x1/it.svg]
[htmlstream.com/space/assets/vendor/flag-icon-css/flags/1x1/cn.svg]
[htmlstream.com/space/assets/svg/brands/google-icon.svg]
[htmlstream.com/space/assets/svg/brands/gitlab-gray.svg]
[htmlstream.com/space/assets/svg/brands/fitbit-gray.svg]
[htmlstream.com/space/assets/svg/brands/flow-xo-gray.svg]
[htmlstream.com/space/assets/svg/brands/layar-gray.svg]
[htmlstream.com/space/assets/svg/illustrations/oc-chatting.svg]
[htmlstream.com/space/assets/svg/illustrations/star.svg]
[htmlstream.com/space/assets/svg/brands/amazon-white-50.svg]
[htmlstream.com/space/assets/svg/illustrations/star-half.svg]
[htmlstream.com/space/assets/svg/brands/airbnb-white-50.svg]
[htmlstream.com/space/assets/svg/brands/google-white-50.svg]
[htmlstream.com/space/assets/svg/components/shape-3-soft-light.svg]
[htmlstream.com/space/assets/svg/components/shape-1-soft-light.svg]
[htmlstream.com/space/assets/svg/components/shape-2-soft-light.svg]
[htmlstream.com/space/assets/svg/illustrations/oc-error.svg]
[htmlstream.com/space/assets/svg/components/shape-4-soft-light.svg]
[htmlstream.com/space/assets/svg/components/shape-5-soft-light.svg]
[htmlstream.com/space/assets/svg/components/shape-6-soft-light.svg]
[htmlstream.com/space/assets/svg/brands/vidados-white.svg]
[htmlstream.com/space/assets/svg/brands/fitbit-white.svg]
[htmlstream.com/space/assets/svg/brands/forbes-white.svg]
[htmlstream.com/space/assets/svg/brands/mailchimp-white.svg]
[htmlstream.com/space/assets/svg/brands/layar-white.svg]
[htmlstream.com/space/assets/svg/illustrations/oc-review.svg]
[htmlstream.com/space/assets/svg/brands/mailchimp-primary.svg]
[htmlstream.com/space/assets/svg/brands/vidados-primary.svg]
[htmlstream.com/space/assets/svg/illustrations/oc-growing.svg]
[htmlstream.com/space/assets/svg/brands/capsule-primary.svg]
[htmlstream.com/space/assets/svg/brands/fitbit-primary.svg]
[htmlstream.com/space/assets/svg/brands/layar-primary.svg]
[htmlstream.com/space/assets/svg/components/shape-3.svg]
[htmlstream.com/space/assets/svg/components/shape-5.svg]
[htmlstream.com/space/assets/svg/brands/slack-icon.svg]
[htmlstream.com/space/assets/svg/brands/capsule-icon.svg]
[htmlstream.com/space/assets/svg/components/shape-6.svg]
[htmlstream.com/space/assets/svg/illustrations/oc-looking-for-answers.svg]
[htmlstream.com/space/assets/svg/illustrations/frame-docs.svg]
[htmlstream.com/space/assets/svg/illustrations/frame-snippets.svg]
[htmlstream.com/space/assets/svg/illustrations/frame-layouts.svg]
[htmlstream.com/space/assets/svg/illustrations/oc-money-profits.svg]
[htmlstream.com/space/assets/svg/brands/shopify-primary.svg]
[htmlstream.com/space/assets/svg/brands/amazon-primary.svg]
[htmlstream.com/space/assets/svg/illustrations/oc-unlock.svg]
[htmlstream.com/space/assets/svg/brands/forbes-primary.svg]
[htmlstream.com/space/assets/svg/illustrations/oc-to-do.svg]
[htmlstream.com/space/assets/svg/illustrations/oc-maintenance.svg]
[htmlstream.com/space/assets/svg/illustrations/oc-collaboration.svg]
[htmlstream.com/space/assets/svg/illustrations/oc-on-the-go.svg]
[htmlstream.com/space/assets/svg/brands/hubspot-primary.svg]
[htmlstream.com/space/assets/svg/brands/google-primary.svg]
[htmlstream.com/space/assets/svg/brands/embark-primary.svg]
[htmlstream.com/space/assets/svg/brands/kaplan-primary.svg]
[htmlstream.com/space/assets/svg/illustrations/oc-hi-five.svg]
[htmlstream.com/space/assets/svg/brands/business-insider-primary.svg]
[htmlstream.com/space/assets/svg/brands/amazon-warning.svg]
[htmlstream.com/space/assets/svg/components/shape-7-soft-light.svg]
[htmlstream.com/space/assets/svg/illustrations/oc-user-profile.svg]
[htmlstream.com/space/assets/svg/illustrations/oc-sending.svg]
[htmlstream.com/space/assets/svg/illustrations/oc-yelling.svg]
[htmlstream.com/space/page-careers-single-page.html]
[htmlstream.com/space/assets/css/docs.css]
[htmlstream.com/space/documentation/changelog.html]
[htmlstream.com/space/documentation/getting-started.html]
[htmlstream.com/space/documentation/gulp.html]
[htmlstream.com/space/documentation/customization.html]
[htmlstream.com/space/documentation/credits.html]
[htmlstream.com/space/documentation/bs-icons.html]
[htmlstream.com/space/documentation/duotone-icons.html]
[htmlstream.com/space/documentation/illustrations.html]
[htmlstream.com/space/assets/img/documentation/img9.jpg]
[htmlstream.com/space/documentation/figma.html]
[htmlstream.com/space/documentation/accordion.html]
[htmlstream.com/space/documentation/alerts.html]
[htmlstream.com/space/assets/img/160x160/img7.jpg]
[htmlstream.com/space/assets/img/documentation/img1.jpg]
[htmlstream.com/space/documentation/avatars.html]
[htmlstream.com/space/documentation/badge.html]
[htmlstream.com/space/documentation/banners.html]
[htmlstream.com/space/documentation/breadcrumb.html]
[htmlstream.com/space/documentation/buttons.html]
[htmlstream.com/space/assets/img/documentation/img8.jpg]
[htmlstream.com/space/assets/img/documentation/img2.jpg]
[htmlstream.com/space/assets/img/documentation/img3.jpg]
[htmlstream.com/space/documentation/cards.html]
[htmlstream.com/space/documentation/collapse.html]
[htmlstream.com/space/documentation/column-divider.html]
[htmlstream.com/space/documentation/devices.html]
[htmlstream.com/space/documentation/divider.html]
[htmlstream.com/space/documentation/dropdowns.html]
[htmlstream.com/space/documentation/list-group.html]
[htmlstream.com/space/documentation/lists.html]
[htmlstream.com/space/documentation/modal.html]
[htmlstream.com/space/documentation/offcanvas.html]
[htmlstream.com/space/documentation/pagination.html]
[htmlstream.com/space/documentation/popovers.html]
[htmlstream.com/space/documentation/progress.html]
[htmlstream.com/space/assets/img/documentation/img7.jpg]
[htmlstream.com/space/documentation/shapes.html]
[htmlstream.com/space/documentation/spinners.html]
[htmlstream.com/space/documentation/steps.html]
[htmlstream.com/space/documentation/tab.html]
[htmlstream.com/space/documentation/tables.html]
[htmlstream.com/space/assets/img/160x160/img4.jpg]
[htmlstream.com/space/documentation/toasts.html]
[htmlstream.com/space/documentation/tooltips.html]
[htmlstream.com/space/documentation/typography.html]
[htmlstream.com/space/documentation/navbar.html]
[htmlstream.com/space/documentation/navs.html]
[htmlstream.com/space/documentation/mega-menu.html]
[htmlstream.com/space/documentation/scrollspy.html]
[htmlstream.com/space/documentation/basic-forms.html]
[htmlstream.com/space/documentation/checks-and-switches.html]
[htmlstream.com/space/documentation/input-group.html]
[htmlstream.com/space/assets/img/documentation/img1-lg.jpg]
[htmlstream.com/space/assets/img/documentation/img2-lg.jpg]
[htmlstream.com/space/assets/img/documentation/img3-lg.jpg]
[htmlstream.com/space/assets/video/working-in-office.mp4]
[htmlstream.com/space/assets/video/working-in-office.jpg]
[htmlstream.com/space/documentation/fslightbox.html]
[htmlstream.com/space/assets/img/documentation/img4-lg.jpg]
[htmlstream.com/space/assets/img/documentation/img5-lg.jpg]
[htmlstream.com/space/assets/img/documentation/img6-lg.jpg]
[htmlstream.com/space/documentation/swiper.html]
[htmlstream.com/space/documentation/sticky-block.html]
[htmlstream.com/space/documentation/countdown.html]
[htmlstream.com/space/documentation/sorting.html]
[htmlstream.com/space/documentation/go-to.html]
[htmlstream.com/space/documentation/show-animation.html]
[htmlstream.com/space/documentation/typedjs.html]
[htmlstream.com/space/documentation/backgrounds.html]
[htmlstream.com/space/assets/img/160x160/img1.jpg]
[htmlstream.com/space/documentation/borders.html]
[htmlstream.com/space/documentation/colors.html]
[htmlstream.com/space/documentation/lines.html]
[htmlstream.com/space/documentation/links.html]
[htmlstream.com/space/documentation/position.html]
[htmlstream.com/space/documentation/rotations.html]
[htmlstream.com/space/documentation/shadows.html]
[htmlstream.com/space/documentation/sizing.html]
[htmlstream.com/space/documentation/spacing.html]
[htmlstream.com/space/documentation/z-index.html]
[htmlstream.com/space/assets/svg/illustrations/oc-project-development.svg]
[htmlstream.com/space/assets/svg/design-system/docs-bs-icons.svg]
[htmlstream.com/space/assets/svg/design-system/docs-duotone-icons.svg]
[htmlstream.com/space/assets/svg/design-system/docs-illustrations.svg]
[htmlstream.com/space/assets/svg/design-system/docs-figma.svg]
[htmlstream.com/space/assets/svg/design-system/docs-accordion.svg]
[htmlstream.com/space/assets/svg/design-system/docs-alerts.svg]
[htmlstream.com/space/assets/svg/design-system/docs-avatars.svg]
[htmlstream.com/space/assets/svg/design-system/docs-badge.svg]
[htmlstream.com/space/assets/svg/design-system/docs-breadcrumb.svg]
[htmlstream.com/space/assets/svg/design-system/docs-buttons.svg]
[htmlstream.com/space/assets/svg/design-system/docs-cards.svg]
[htmlstream.com/space/assets/svg/design-system/docs-collapse.svg]
[htmlstream.com/space/assets/svg/design-system/docs-column-divider.svg]
[htmlstream.com/space/assets/svg/design-system/docs-devices.svg]
[htmlstream.com/space/assets/svg/design-system/docs-divider.svg]
[htmlstream.com/space/assets/svg/design-system/docs-dropdowns.svg]
[htmlstream.com/space/assets/svg/design-system/docs-list-group.svg]
[htmlstream.com/space/assets/svg/design-system/docs-lists.svg]
[htmlstream.com/space/assets/svg/design-system/docs-modal.svg]
[htmlstream.com/space/assets/svg/design-system/docs-offcanvas.svg]
[htmlstream.com/space/assets/svg/design-system/docs-pagination.svg]
[htmlstream.com/space/assets/svg/design-system/docs-popovers.svg]
[htmlstream.com/space/assets/svg/design-system/docs-progress.svg]
[htmlstream.com/space/assets/svg/design-system/docs-shapes.svg]
[htmlstream.com/space/assets/svg/design-system/docs-spinners.svg]
[htmlstream.com/space/assets/svg/design-system/docs-steps.svg]
[htmlstream.com/space/assets/svg/design-system/docs-tab.svg]
[htmlstream.com/space/assets/svg/design-system/docs-tables.svg]
[htmlstream.com/space/assets/svg/design-system/docs-toasts.svg]
[htmlstream.com/space/assets/svg/design-system/docs-tooltips.svg]
[htmlstream.com/space/assets/svg/design-system/docs-typography.svg]
[htmlstream.com/space/assets/svg/design-system/docs-navbar.svg]
[htmlstream.com/space/assets/svg/design-system/docs-navs.svg]
[htmlstream.com/space/assets/svg/design-system/docs-mega-menu.svg]
[htmlstream.com/space/assets/svg/design-system/docs-scrollspy.svg]
[htmlstream.com/space/assets/svg/design-system/docs-basic-forms.svg]
[htmlstream.com/space/assets/svg/design-system/docs-checks-and-switches.svg]
[htmlstream.com/space/assets/svg/design-system/docs-input-group.svg]
[htmlstream.com/space/assets/svg/design-system/docs-fslightbox.svg]
[htmlstream.com/space/assets/svg/design-system/docs-swiper.svg]
[htmlstream.com/space/assets/svg/design-system/docs-sticky-block.svg]
[htmlstream.com/space/assets/svg/design-system/docs-countdown.svg]
[htmlstream.com/space/assets/svg/design-system/docs-sorting.svg]
[htmlstream.com/space/assets/svg/design-system/docs-go-to.svg]
[htmlstream.com/space/assets/svg/design-system/docs-show-animation.svg]
[htmlstream.com/space/assets/svg/design-system/docs-typedjs.svg]
[htmlstream.com/space/assets/css/snippets.css]
[htmlstream.com/space/snippets/navbar.html]
[htmlstream.com/space/assets/img/900x545/img5.jpg]
[htmlstream.com/space/assets/img/900x545/img1.jpg]
[htmlstream.com/space/assets/img/900x545/img3.jpg]
[htmlstream.com/space/assets/img/900x545/img4.jpg]
[htmlstream.com/space/assets/img/900x545/img2.jpg]
[htmlstream.com/space/assets/img/900x545/img6.jpg]
[htmlstream.com/space/assets/img/900x545/img7.jpg]
[htmlstream.com/space/assets/img/900x545/img8.jpg]
[htmlstream.com/space/assets/img/900x545/img9.jpg]
[htmlstream.com/space/assets/img/900x545/img10.jpg]
[htmlstream.com/space/assets/img/900x545/img11.jpg]
[htmlstream.com/space/assets/img/900x545/img12.jpg]
[htmlstream.com/space/assets/img/900x545/img13.jpg]
[htmlstream.com/space/assets/img/900x545/img14.jpg]
[htmlstream.com/space/assets/img/900x545/img15.jpg]
[htmlstream.com/space/assets/img/900x545/img16.jpg]
[htmlstream.com/space/assets/img/900x545/img17.jpg]
[htmlstream.com/space/assets/img/900x545/img18.jpg]
[htmlstream.com/space/assets/img/900x545/img19.jpg]
[htmlstream.com/space/assets/img/900x545/img20.jpg]
[htmlstream.com/space/assets/img/900x545/img21.jpg]
[htmlstream.com/space/assets/img/900x545/img22.jpg]
[htmlstream.com/space/snippets/hero-sections.html]
[htmlstream.com/space/assets/img/950x950/img3.jpg]
[htmlstream.com/space/assets/img/800x500/img2.jpg]
[htmlstream.com/space/assets/img/800x500/img10.jpg]
[htmlstream.com/space/snippets/features-general.html]
[htmlstream.com/space/snippets/features-stats.html]
[htmlstream.com/space/snippets/features-step.html]
[htmlstream.com/space/snippets/features-navs.html]
[htmlstream.com/space/snippets/icon-blocks.html]
[htmlstream.com/space/snippets/cards-grid.html]
[htmlstream.com/space/snippets/testimonials.html]
[htmlstream.com/space/snippets/blogs-grid.html]
[htmlstream.com/space/snippets/blogs-list.html]
[htmlstream.com/space/snippets/pricing.html]
[htmlstream.com/space/snippets/team-sections.html]
[htmlstream.com/space/snippets/cta.html]
[htmlstream.com/space/snippets/modals.html]
[htmlstream.com/space/snippets/portfolio.html]
[htmlstream.com/space/snippets/gallery.html]
[htmlstream.com/space/snippets/clients.html]
[htmlstream.com/space/snippets/faq.html]
[htmlstream.com/space/snippets/lists.html]
[htmlstream.com/space/snippets/comments.html]
[htmlstream.com/space/snippets/user-profile.html]
[htmlstream.com/space/snippets/sidebar-examples.html]
[htmlstream.com/space/snippets/content-sections.html]
[htmlstream.com/space/snippets/form-layouts-authentication.html]
[htmlstream.com/space/snippets/form-layouts-feedback.html]
[htmlstream.com/space/snippets/form-layouts-filters.html]
[htmlstream.com/space/snippets/form-layouts-search.html]
[htmlstream.com/space/snippets/form-layouts-directory.html]
[htmlstream.com/space/snippets/form-layouts-subscribe.html]
[htmlstream.com/space/snippets/contact-sections.html]
[htmlstream.com/space/snippets/footer.html]
[htmlstream.com/space/assets/svg/illustrations/oc-building-apps.svg]
[htmlstream.com/space/assets/svg/design-system/snippets-navbar.svg]
[htmlstream.com/space/assets/svg/design-system/snippets-hero-sections.svg]
[htmlstream.com/space/assets/svg/design-system/snippets-features-general.svg]
[htmlstream.com/space/assets/svg/design-system/snippets-features-stats.svg]
[htmlstream.com/space/assets/svg/design-system/snippets-features-step.svg]
[htmlstream.com/space/assets/svg/design-system/snippets-features-navs.svg]
[htmlstream.com/space/assets/svg/design-system/snippets-icon-blocks.svg]
[htmlstream.com/space/assets/svg/design-system/snippets-cards-grid.svg]
[htmlstream.com/space/assets/svg/design-system/snippets-testimonials.svg]
[htmlstream.com/space/assets/svg/design-system/snippets-blogs-grid.svg]
[htmlstream.com/space/assets/svg/design-system/snippets-blogs-list.svg]
[htmlstream.com/space/assets/svg/design-system/snippets-pricing.svg]
[htmlstream.com/space/assets/svg/design-system/snippets-team-sections.svg]
[htmlstream.com/space/assets/svg/design-system/snippets-cta.svg]
[htmlstream.com/space/assets/svg/design-system/snippets-modals.svg]
[htmlstream.com/space/assets/svg/design-system/snippets-portfolio.svg]
[htmlstream.com/space/assets/svg/design-system/snippets-gallery.svg]
[htmlstream.com/space/assets/svg/design-system/snippets-clients.svg]
[htmlstream.com/space/assets/svg/design-system/snippets-faq.svg]
[htmlstream.com/space/assets/svg/design-system/snippets-lists.svg]
[htmlstream.com/space/assets/svg/design-system/snippets-comments.svg]
[htmlstream.com/space/assets/svg/design-system/snippets-user-profile.svg]
[htmlstream.com/space/assets/svg/design-system/snippets-sidebar-examples.svg]
[htmlstream.com/space/assets/svg/design-system/snippets-content-sections.svg]
[htmlstream.com/space/assets/svg/design-system/snippets-form-layouts-authentication.svg]
[htmlstream.com/space/assets/svg/design-system/snippets-form-layouts-feedback.svg]
[htmlstream.com/space/assets/svg/design-system/snippets-form-layouts-filters.svg]
[htmlstream.com/space/assets/svg/design-system/snippets-form-layouts-search.svg]
[htmlstream.com/space/assets/svg/design-system/snippets-form-layouts-directory.svg]
[htmlstream.com/space/assets/svg/design-system/snippets-form-layouts-subscribe.svg]
[htmlstream.com/space/assets/svg/design-system/snippets-contact-sections.svg]
[htmlstream.com/space/assets/svg/design-system/snippets-footer.svg]
[htmlstream.com/space/assets/svg/illustrations/oc-megaphone.svg]
[htmlstream.com/space/assets/svg/illustrations/oc-profile.html]
[htmlstream.com/space/assets/svg/illustrations/oc-thinking.svg]
[htmlstream.com/space/assets/svg/components/placeholder-lg.svg]
[htmlstream.com/space/user-profile.html]
[htmlstream.com/space/assets/svg/components/popover-top.svg]
[htmlstream.com/space/assets/svg/components/popover-left.svg]
[htmlstream.com/space/assets/svg/components/popover-bottom.svg]
[htmlstream.com/space/assets/svg/components/popover-right.svg]
[htmlstream.com/space/documentation/colored-links.html]
[htmlstream.com/space/snippets/navbar-default.html]
[htmlstream.com/space/snippets/navbar-bs-only-dropdowns.html]
[htmlstream.com/space/snippets/navbar-transparent.html]
[htmlstream.com/space/snippets/navbar-light.html]
[htmlstream.com/space/snippets/navbar-absolute-top.html]
[htmlstream.com/space/snippets/navbar-absolute-top-light.html]
[htmlstream.com/space/snippets/navbar-absolute-top-slide.html]
[htmlstream.com/space/snippets/navbar-absolute-top-light-slide.html]
[htmlstream.com/space/snippets/navbar-sticky-top.html]
[htmlstream.com/space/snippets/navbar-sticky-top-light.html]
[htmlstream.com/space/snippets/navbar-sticky-top-toggle.html]
[htmlstream.com/space/snippets/navbar-sticky-top-light-toggle.html]
[htmlstream.com/space/snippets/navbar-left-aligned.html]
[htmlstream.com/space/snippets/navbar-end-aligned.html]
[htmlstream.com/space/snippets/navbar-on-hover.html]
[htmlstream.com/space/snippets/navbar-on-click.html]
[htmlstream.com/space/snippets/hero-landing-corporate.html]
[htmlstream.com/space/snippets/hero-landing-agency.html]
[htmlstream.com/space/snippets/hero-landing-consulting.html]
[htmlstream.com/space/snippets/hero-landing-services.html]
[htmlstream.com/space/snippets/hero-landing-business.html]
[htmlstream.com/space/snippets/hero-landing-growth.html]
[htmlstream.com/space/snippets/hero-landing-saas.html]
[htmlstream.com/space/snippets/hero-landing-wallet.html]
[htmlstream.com/space/snippets/hero-landing-api.html]
[htmlstream.com/space/snippets/hero-about.html]
[htmlstream.com/space/snippets/hero-services.html]
[htmlstream.com/space/snippets/hero-customer-stories.html]
[htmlstream.com/space/snippets/hero-single-customer-story.html]
[htmlstream.com/space/snippets/hero-help-center.html]
[htmlstream.com/space/snippets/hero-careers.html]
[htmlstream.com/space/snippets/hero-careers-single.html]
[htmlstream.com/space/snippets/hero-hire-us.html]
[htmlstream.com/space/snippets/hero-contacts.html]
[htmlstream.com/space/snippets/hero-portfolio-modern.html]
[htmlstream.com/space/snippets/hero-portfolio-case-study.html]
[htmlstream.com/space/snippets/hero-coming-soon.html]
[htmlstream.com/space/snippets/hero-blog-classic.html]
[htmlstream.com/space/assets/svg/components/shape-9.svg]
[htmlstream.com/space/assets/svg/illustrations/oc-growth.html]
